tests/bstr_tests.c:243: debug: ----- RUNNING: ./tests/bstr_tests
tests/bstr_tests.c:224: debug: 
----- test_bfromcstr
tests/bstr_tests.c:225: debug: 
----- test_blk2bstr
tests/bstr_tests.c:226: debug: 
----- test_bstrcpy
tests/bstr_tests.c:227: debug: 
----- test_bassign
tests/bstr_tests.c:228: debug: 
----- test_bassigncstr
tests/bstr_tests.c:229: debug: 
----- test_bassignblk
tests/bstr_tests.c:230: debug: 
----- test_bdestroy
tests/bstr_tests.c:231: debug: 
----- test_bconcat
tests/bstr_tests.c:232: debug: 
----- test_bstricmp
tests/bstr_tests.c:233: debug: 
----- test_biseq
tests/bstr_tests.c:234: debug: 
----- test_binstr
tests/bstr_tests.c:235: debug: 
----- test_bfindreplace
tests/bstr_tests.c:236: debug: 
----- test_bsplit
tests/bstr_tests.c:237: debug: 
----- test_bformat
tests/bstr_tests.c:238: debug: 
----- test_blength
